checking build system type... x86_64-pc-linux-gnu
checking host system type... x86_64-pc-linux-gnu
checking for gcc... gcc
checking whether the C compiler works... yes
checking for C compiler default output file name... a.out
checking for suffix of executables... 
checking whether we are cross compiling... no
checking for suffix of object files... o
checking whether the compiler supports GNU C... yes
checking whether gcc accepts -g... yes
checking for gcc option to enable C11 features... none needed
checking for g++... g++
checking whether the compiler supports GNU C++... yes
checking whether g++ accepts -g... yes
checking for g++ option to enable C++11 features... none needed
checking for ar... ar
checking for ranlib... ranlib
checking for dtc... /usr/bin/dtc
checking for stdio.h... yes
checking for stdlib.h... yes
checking for string.h... yes
checking for inttypes.h... yes
checking for stdint.h... yes
checking for strings.h... yes
checking for sys/stat.h... yes
checking for sys/types.h... yes
checking for unistd.h... yes
checking whether byte ordering is bigendian... no
checking for a BSD-compatible install... /usr/bin/install -c
checking for __int128_t... yes
checking whether the linker accepts -Wl,--export-dynamic... yes
checking whether the C++ compiler accepts -relocatable-pch... no
checking for pthread_create in -lpthread... yes
checking for boostlib >= 1.53 (105300)... yes
checking whether the Boost::ASIO library is available... yes
checking for main in -lboost_system... yes
checking whether the Boost::Regex library is available... yes
checking for exit in -lboost_regex... yes
configure: configuring default subproject : fesvr
checking for struct statx.stx_ino... yes
checking for struct statx.stx_mnt_id... yes
configure: configuring default subproject : riscv
checking for library containing dlopen... none required
configure: configuring default subproject : disasm
configure: configuring default subproject : customext
configure: configuring default subproject : fdt
configure: configuring default subproject : softfloat
configure: configuring default subproject : spike_main
configure: configuring default subproject : spike_dasm
configure: creating ./config.status
config.status: creating fesvr.mk
config.status: creating riscv.mk
config.status: creating disasm.mk
config.status: creating customext.mk
config.status: creating fdt.mk
config.status: creating softfloat.mk
config.status: creating spike_main.mk
config.status: creating spike_dasm.mk
config.status: creating Makefile
config.status: creating riscv-fesvr.pc
config.status: creating riscv-disasm.pc
config.status: creating riscv-riscv.pc
config.status: creating config.h
